Starting a Gradle Daemon, 2 busy Daemons could not be reused, use --status for details
Daemon JVM discovery is an incubating feature.
Reusing configuration cache.
> Task :checkKotlinGradlePluginConfigurationErrors SKIPPED
> Task :compileKotlin UP-TO-DATE

BUILD SUCCESSFUL in 31s
1 actionable task: 1 up-to-date
Configuration cache entry reused.
